// Jest Snapshot v1, https://goo.gl/fbAQLP

exports[`should render App 1`] = `
<div
  className="main"
>
  <div
    className="field"
  >
    <div
      className="wrapper"
      style={
        Object {
          "paddingBottom": "50%",
        }
      }
    >
      <div
        className="content"
      >
        <div
          className="col"
        >
          <div
            className="row"
          >
            <div
              className="tile"
              onClick={[Function]}
            >
              <div
                className="bg"
              />
            </div>
          </div>
          <div
            className="row"
          >
            <div
              className="tile"
              onClick={[Function]}
            >
              <div
                className="bg"
              />
            </div>
          </div>
          <div
            className="row"
          >
            <div
              className="tile"
              onClick={[Function]}
            >
              <div
                className="bg"
              />
            </div>
          </div>
          <div
            className="row"
          >
            <div
              className="tile"
              onClick={[Function]}
            >
              <div
                className="bg"
              />
            </div>
          </div>
          <div
            className="row"
          >
            <div
              className="tile"
              onClick={[Function]}
            >
              <div
                className="bg"
              />
            </div>
          </div>
          <div
            className="row"
          >
            <div
              className="tile"
              onClick={[Function]}
            >
              <div
                className="bg"
              />
            </div>
          </div>
        </div>
        <div
          className="col"
        >
          <div
            className="row"
          >
            <div
              className="tile"
              onClick={[Function]}
            >
              <div
                className="bg"
              />
            </div>
          </div>
          <div
            className="row"
          >
            <div
              className="tile"
              onClick={[Function]}
            >
              <div
                className="bg"
              />
            </div>
          </div>
          <div
            className="row"
          >
            <div
              className="tile"
              onClick={[Function]}
            >
              <div
                className="bg"
              />
            </div>
          </div>
          <div
            className="row"
          >
            <div
              className="tile"
              onClick={[Function]}
            >
              <div
                className="bg"
              />
            </div>
          </div>
          <div
            className="row"
          >
            <div
              className="tile"
              onClick={[Function]}
            >
              <div
                className="bg"
              />
            </div>
          </div>
          <div
            className="row"
          >
            <div
              className="tile"
              onClick={[Function]}
            >
              <div
                className="bg"
              />
            </div>
          </div>
        </div>
        <div
          className="col"
        >
          <div
            className="row"
          >
            <div
              className="tile"
              onClick={[Function]}
            >
              <div
                className="bg"
              />
            </div>
          </div>
          <div
            className="row"
          >
            <div
              className="tile"
              onClick={[Function]}
            >
              <div
                className="bg"
              />
            </div>
          </div>
          <div
            className="row"
          >
            <div
              className="tile"
              onClick={[Function]}
            >
              <div
                className="bg"
              />
            </div>
          </div>
          <div
            className="row"
          >
            <div
              className="tile"
              onClick={[Function]}
            >
              <div
                className="bg"
              />
            </div>
          </div>
          <div
            className="row"
          >
            <div
              className="tile"
              onClick={[Function]}
            >
              <div
                className="bg"
              />
            </div>
          </div>
          <div
            className="row"
          >
            <div
              className="tile"
              onClick={[Function]}
            >
              <div
                className="bg"
              />
            </div>
          </div>
        </div>
        <div
          className="col"
        >
          <div
            className="row"
          >
            <div
              className="tile"
              onClick={[Function]}
            >
              <div
                className="bg"
              />
            </div>
          </div>
          <div
            className="row"
          >
            <div
              className="tile"
              onClick={[Function]}
            >
              <div
                className="bg"
              />
            </div>
          </div>
          <div
            className="row"
          >
            <div
              className="tile"
              onClick={[Function]}
            >
              <div
                className="bg"
              />
            </div>
          </div>
          <div
            className="row"
          >
            <div
              className="tile"
              onClick={[Function]}
            >
              <div
                className="bg"
              />
            </div>
          </div>
          <div
            className="row"
          >
            <div
              className="tile"
              onClick={[Function]}
            >
              <div
                className="bg"
              />
            </div>
          </div>
          <div
            className="row"
          >
            <div
              className="tile"
              onClick={[Function]}
            >
              <div
                className="bg"
              />
            </div>
          </div>
        </div>
        <div
          className="col"
        >
          <div
            className="row"
          >
            <div
              className="tile"
              onClick={[Function]}
            >
              <div
                className="bg"
              />
            </div>
          </div>
          <div
            className="row"
          >
            <div
              className="tile"
              onClick={[Function]}
            >
              <div
                className="bg"
              />
            </div>
          </div>
          <div
            className="row"
          >
            <div
              className="tile"
              onClick={[Function]}
            >
              <div
                className="bg"
              />
            </div>
          </div>
          <div
            className="row"
          >
            <div
              className="tile"
              onClick={[Function]}
            >
              <div
                className="bg"
              />
            </div>
          </div>
          <div
            className="row"
          >
            <div
              className="tile"
              onClick={[Function]}
            >
              <div
                className="bg"
              />
            </div>
          </div>
          <div
            className="row"
          >
            <div
              className="tile"
              onClick={[Function]}
            >
              <div
                className="bg"
              />
            </div>
          </div>
        </div>
        <div
          className="col"
        >
          <div
            className="row"
          >
            <div
              className="tile"
              onClick={[Function]}
            >
              <div
                className="bg"
              />
            </div>
          </div>
          <div
            className="row"
          >
            <div
              className="tile"
              onClick={[Function]}
            >
              <div
                className="bg"
              />
            </div>
          </div>
          <div
            className="row"
          >
            <div
              className="tile"
              onClick={[Function]}
            >
              <div
                className="bg"
              />
            </div>
          </div>
          <div
            className="row"
          >
            <div
              className="tile"
              onClick={[Function]}
            >
              <div
                className="bg"
              />
            </div>
          </div>
          <div
            className="row"
          >
            <div
              className="tile"
              onClick={[Function]}
            >
              <div
                className="bg"
              />
            </div>
          </div>
          <div
            className="row"
          >
            <div
              className="tile"
              onClick={[Function]}
            >
              <div
                className="bg"
              />
            </div>
          </div>
        </div>
        <div
          className="col"
        >
          <div
            className="row"
          >
            <div
              className="tile"
              onClick={[Function]}
            >
              <div
                className="bg"
              />
            </div>
          </div>
          <div
            className="row"
          >
            <div
              className="tile"
              onClick={[Function]}
            >
              <div
                className="bg"
              />
            </div>
          </div>
          <div
            className="row"
          >
            <div
              className="tile"
              onClick={[Function]}
            >
              <div
                className="bg"
              />
            </div>
          </div>
          <div
            className="row"
          >
            <div
              className="tile"
              onClick={[Function]}
            >
              <div
                className="bg"
              />
            </div>
          </div>
          <div
            className="row"
          >
            <div
              className="tile"
              onClick={[Function]}
            >
              <div
                className="bg"
              />
            </div>
          </div>
          <div
            className="row"
          >
            <div
              className="tile"
              onClick={[Function]}
            >
              <div
                className="bg"
              />
            </div>
          </div>
        </div>
        <div
          className="col"
        >
          <div
            className="row"
          >
            <div
              className="tile"
              onClick={[Function]}
            >
              <div
                className="bg"
              />
            </div>
          </div>
          <div
            className="row"
          >
            <div
              className="tile"
              onClick={[Function]}
            >
              <div
                className="bg"
              />
            </div>
          </div>
          <div
            className="row"
          >
            <div
              className="tile"
              onClick={[Function]}
            >
              <div
                className="bg"
              />
            </div>
          </div>
          <div
            className="row"
          >
            <div
              className="tile"
              onClick={[Function]}
            >
              <div
                className="bg"
              />
            </div>
          </div>
          <div
            className="row"
          >
            <div
              className="tile"
              onClick={[Function]}
            >
              <div
                className="bg"
              />
            </div>
          </div>
          <div
            className="row"
          >
            <div
              className="tile"
              onClick={[Function]}
            >
              <div
                className="bg"
              />
            </div>
          </div>
        </div>
        <div
          className="col"
        >
          <div
            className="row"
          >
            <div
              className="tile"
              onClick={[Function]}
            >
              <div
                className="bg"
              />
            </div>
          </div>
          <div
            className="row"
          >
            <div
              className="tile"
              onClick={[Function]}
            >
              <div
                className="bg"
              />
            </div>
          </div>
          <div
            className="row"
          >
            <div
              className="tile"
              onClick={[Function]}
            >
              <div
                className="bg"
              />
            </div>
          </div>
          <div
            className="row"
          >
            <div
              className="tile"
              onClick={[Function]}
            >
              <div
                className="bg"
              />
            </div>
          </div>
          <div
            className="row"
          >
            <div
              className="tile"
              onClick={[Function]}
            >
              <div
                className="bg"
              />
            </div>
          </div>
          <div
            className="row"
          >
            <div
              className="tile"
              onClick={[Function]}
            >
              <div
                className="bg"
              />
            </div>
          </div>
        </div>
        <div
          className="col"
        >
          <div
            className="row"
          >
            <div
              className="tile"
              onClick={[Function]}
            >
              <div
                className="bg"
              />
            </div>
          </div>
          <div
            className="row"
          >
            <div
              className="tile"
              onClick={[Function]}
            >
              <div
                className="bg"
              />
            </div>
          </div>
          <div
            className="row"
          >
            <div
              className="tile"
              onClick={[Function]}
            >
              <div
                className="bg"
              />
            </div>
          </div>
          <div
            className="row"
          >
            <div
              className="tile"
              onClick={[Function]}
            >
              <div
                className="bg"
              />
            </div>
          </div>
          <div
            className="row"
          >
            <div
              className="tile"
              onClick={[Function]}
            >
              <div
                className="bg"
              />
            </div>
          </div>
          <div
            className="row"
          >
            <div
              className="tile"
              onClick={[Function]}
            >
              <div
                className="bg"
              />
            </div>
          </div>
        </div>
        <div
          className="col"
        >
          <div
            className="row"
          >
            <div
              className="tile"
              onClick={[Function]}
            >
              <div
                className="bg"
              />
            </div>
          </div>
          <div
            className="row"
          >
            <div
              className="tile"
              onClick={[Function]}
            >
              <div
                className="bg"
              />
            </div>
          </div>
          <div
            className="row"
          >
            <div
              className="tile"
              onClick={[Function]}
            >
              <div
                className="bg"
              />
            </div>
          </div>
          <div
            className="row"
          >
            <div
              className="tile"
              onClick={[Function]}
            >
              <div
                className="bg"
              />
            </div>
          </div>
          <div
            className="row"
          >
            <div
              className="tile"
              onClick={[Function]}
            >
              <div
                className="bg"
              />
            </div>
          </div>
          <div
            className="row"
          >
            <div
              className="tile"
              onClick={[Function]}
            >
              <div
                className="bg"
              />
            </div>
          </div>
        </div>
        <div
          className="col"
        >
          <div
            className="row"
          >
            <div
              className="tile"
              onClick={[Function]}
            >
              <div
                className="bg"
              />
            </div>
          </div>
          <div
            className="row"
          >
            <div
              className="tile"
              onClick={[Function]}
            >
              <div
                className="bg"
              />
            </div>
          </div>
          <div
            className="row"
          >
            <div
              className="tile"
              onClick={[Function]}
            >
              <div
                className="bg"
              />
            </div>
          </div>
          <div
            className="row"
          >
            <div
              className="tile"
              onClick={[Function]}
            >
              <div
                className="bg"
              />
            </div>
          </div>
          <div
            className="row"
          >
            <div
              className="tile"
              onClick={[Function]}
            >
              <div
                className="bg"
              />
            </div>
          </div>
          <div
            className="row"
          >
            <div
              className="tile"
              onClick={[Function]}
            >
              <div
                className="bg"
              />
            </div>
          </div>
        </div>
      </div>
    </div>
    <div
      className="buttons"
    >
      <div
        className="buttonsPadding"
      />
      <button
        className="button button"
        onClick={[Function]}
      >
        <div
          className="inner"
        >
          RESET
        </div>
      </button>
      <div
        className="buttonsSpacing"
      />
      <button
        className="buttonAccent button"
        onClick={[Function]}
      >
        <div
          className="inner"
        >
          RUN
        </div>
      </button>
      <div
        className="buttonsPadding"
      />
    </div>
  </div>
</div>
`;
